// Jest Snapshot v1, https://goo.gl/fbAQLP

exports[`The navigation component renders correctly 1`] = `
<div>
  <nav
    class=""
  >
    <ul
      class="inline-flex flex-row uppercase space-x-4"
    >
      <li
        class="mx-auto max-w-prose font-sans text-sm lg:text-base font-normal"
      >
        <a
          href="/"
        >
          Home
        </a>
      </li>
      <li
        class="mx-auto max-w-prose font-sans text-sm lg:text-base font-normal"
      >
        <a
          href="/wedding"
        >
          Wedding
        </a>
      </li>
      <li
        class="mx-auto max-w-prose font-sans text-sm lg:text-base font-normal"
      >
        <a
          href="/travel-and-stay"
        >
          Travel & stay
        </a>
      </li>
      <li
        class="mx-auto max-w-prose font-sans text-sm lg:text-base font-normal"
      >
        <a
          href="https://prezola.com/wishlists/10241516"
        >
          Gift list
        </a>
      </li>
    </ul>
  </nav>
</div>
`;
